\BOOKMARK [1][-]{section.0.1}{\376\377\000I\000n\000t\000r\000o\000d\000u\000c\000t\000i\000o\000n\000\040\000t\000o\000\040\000N\000e\000t\000w\000o\000r\000k\000\040\000T\000o\000p\000o\000l\000o\000g\000y\000\040\000f\000o\000r\000\040\000F\000H\000R\000P\000\040\000I\000m\000p\000l\000e\000m\000e\000n\000t\000a\000t\000i\000o\000n}{}% 1
\BOOKMARK [0][-]{chapter.1}{\376\377\000H\000S\000R\000P\000\040\000H\000a\000n\000d\000s\000-\000O\000n\000\040\000C\000o\000n\000f\000i\000g\000u\000r\000a\000t\000i\000o\000n}{}% 2
\BOOKMARK [1][-]{section.1.1}{\376\377\000I\000n\000t\000r\000o\000d\000u\000c\000t\000i\000o\000n\000\040\000t\000o\000\040\000H\000S\000R\000P\000\040\000C\000o\000n\000f\000i\000g\000u\000r\000a\000t\000i\000o\000n}{chapter.1}% 3
\BOOKMARK [2][-]{subsection.1.1.1}{\376\377\000O\000v\000e\000r\000v\000i\000e\000w\000\040\000o\000f\000\040\000H\000S\000R\000P\000\040\000a\000n\000d\000\040\000I\000t\000s\000\040\000I\000m\000p\000o\000r\000t\000a\000n\000c\000e}{section.1.1}% 4
\BOOKMARK [1][-]{section.1.2}{\376\377\000B\000a\000s\000i\000c\000\040\000H\000S\000R\000P\000\040\000S\000e\000t\000u\000p}{chapter.1}% 5
\BOOKMARK [2][-]{subsection.1.2.1}{\376\377\000C\000o\000n\000f\000i\000g\000u\000r\000i\000n\000g\000\040\000a\000n\000\040\000I\000n\000t\000e\000r\000f\000a\000c\000e\000\040\000f\000o\000r\000\040\000H\000S\000R\000P}{section.1.2}% 6
\BOOKMARK [2][-]{subsection.1.2.2}{\376\377\000A\000s\000s\000i\000g\000n\000i\000n\000g\000\040\000V\000i\000r\000t\000u\000a\000l\000\040\000I\000P\000\040\000A\000d\000d\000r\000e\000s\000s\000e\000s\000\040\000i\000n\000\040\000H\000S\000R\000P}{section.1.2}% 7
\BOOKMARK [2][-]{subsection.1.2.3}{\376\377\000V\000e\000r\000i\000f\000y\000i\000n\000g\000\040\000H\000S\000R\000P\000\040\000C\000o\000n\000f\000i\000g\000u\000r\000a\000t\000i\000o\000n}{section.1.2}% 8
\BOOKMARK [1][-]{section.1.3}{\376\377\000H\000S\000R\000P\000\040\000P\000r\000i\000o\000r\000i\000t\000y\000\040\000a\000n\000d\000\040\000P\000r\000e\000e\000m\000p\000t\000i\000o\000n}{chapter.1}% 9
\BOOKMARK [2][-]{subsection.1.3.1}{\376\377\000S\000e\000t\000t\000i\000n\000g\000\040\000H\000S\000R\000P\000\040\000P\000r\000i\000o\000r\000i\000t\000y\000\040\000L\000e\000v\000e\000l\000s}{section.1.3}% 10
\BOOKMARK [2][-]{subsection.1.3.2}{\376\377\000C\000o\000n\000f\000i\000g\000u\000r\000i\000n\000g\000\040\000P\000r\000e\000e\000m\000p\000t\000i\000o\000n\000\040\000f\000o\000r\000\040\000F\000a\000s\000t\000e\000r\000\040\000F\000a\000i\000l\000o\000v\000e\000r}{section.1.3}% 11
\BOOKMARK [2][-]{subsection.1.3.3}{\376\377\000A\000d\000j\000u\000s\000t\000i\000n\000g\000\040\000P\000r\000e\000e\000m\000p\000t\000i\000o\000n\000\040\000D\000e\000l\000a\000y\000\040\000T\000i\000m\000e\000r\000s}{section.1.3}% 12
\BOOKMARK [1][-]{section.1.4}{\376\377\000H\000S\000R\000P\000\040\000T\000i\000m\000e\000r\000\040\000A\000d\000j\000u\000s\000t\000m\000e\000n\000t\000s}{chapter.1}% 13
\BOOKMARK [2][-]{subsection.1.4.1}{\376\377\000M\000o\000d\000i\000f\000y\000i\000n\000g\000\040\000H\000S\000R\000P\000\040\000H\000e\000l\000l\000o\000\040\000a\000n\000d\000\040\000H\000o\000l\000d\000\040\000T\000i\000m\000e\000r\000s}{section.1.4}% 14
\BOOKMARK [1][-]{section.1.5}{\376\377\000H\000S\000R\000P\000\040\000A\000u\000t\000h\000e\000n\000t\000i\000c\000a\000t\000i\000o\000n}{chapter.1}% 15
\BOOKMARK [2][-]{subsection.1.5.1}{\376\377\000C\000o\000n\000f\000i\000g\000u\000r\000i\000n\000g\000\040\000T\000e\000x\000t\000-\000B\000a\000s\000e\000d\000\040\000A\000u\000t\000h\000e\000n\000t\000i\000c\000a\000t\000i\000o\000n}{section.1.5}% 16
\BOOKMARK [2][-]{subsection.1.5.2}{\376\377\000C\000o\000n\000f\000i\000g\000u\000r\000i\000n\000g\000\040\000M\000D\0005\000\040\000A\000u\000t\000h\000e\000n\000t\000i\000c\000a\000t\000i\000o\000n}{section.1.5}% 17
\BOOKMARK [2][-]{subsection.1.5.3}{\376\377\000C\000o\000n\000f\000i\000g\000u\000r\000i\000n\000g\000\040\000M\000D\0005\000\040\000K\000e\000y\000-\000C\000h\000a\000i\000n\000\040\000A\000u\000t\000h\000e\000n\000t\000i\000c\000a\000t\000i\000o\000n}{section.1.5}% 18
\BOOKMARK [1][-]{section.1.6}{\376\377\000H\000S\000R\000P\000\040\000T\000r\000a\000c\000k\000i\000n\000g\000\040\000M\000e\000c\000h\000a\000n\000i\000s\000m\000s}{chapter.1}% 19
\BOOKMARK [2][-]{subsection.1.6.1}{\376\377\000T\000r\000a\000c\000k\000i\000n\000g\000\040\000I\000n\000t\000e\000r\000f\000a\000c\000e\000\040\000S\000t\000a\000t\000u\000s\000\040\000w\000i\000t\000h\000\040\000H\000S\000R\000P}{section.1.6}% 20
\BOOKMARK [2][-]{subsection.1.6.2}{\376\377\000U\000s\000i\000n\000g\000\040\000O\000b\000j\000e\000c\000t\000\040\000T\000r\000a\000c\000k\000i\000n\000g\000\040\000f\000o\000r\000\040\000F\000a\000i\000l\000o\000v\000e\000r}{section.1.6}% 21
\BOOKMARK [2][-]{subsection.1.6.3}{\376\377\000A\000d\000j\000u\000s\000t\000i\000n\000g\000\040\000H\000S\000R\000P\000\040\000T\000r\000a\000c\000k\000i\000n\000g\000\040\000D\000e\000c\000r\000e\000m\000e\000n\000t\000\040\000V\000a\000l\000u\000e\000s}{section.1.6}% 22
\BOOKMARK [1][-]{section.1.7}{\376\377\000H\000S\000R\000P\000\040\000V\000e\000r\000s\000i\000o\000n\000i\000n\000g\000\040\000a\000n\000d\000\040\000I\000P\000v\0006}{chapter.1}% 23
\BOOKMARK [2][-]{subsection.1.7.1}{\376\377\000U\000p\000g\000r\000a\000d\000i\000n\000g\000\040\000t\000o\000\040\000H\000S\000R\000P\000\040\000V\000e\000r\000s\000i\000o\000n\000\040\0002}{section.1.7}% 24
\BOOKMARK [2][-]{subsection.1.7.2}{\376\377\000C\000o\000n\000f\000i\000g\000u\000r\000i\000n\000g\000\040\000H\000S\000R\000P\000\040\000f\000o\000r\000\040\000I\000P\000v\0006}{section.1.7}% 25
\BOOKMARK [1][-]{section.1.8}{\376\377\000V\000e\000r\000i\000f\000y\000i\000n\000g\000\040\000a\000n\000d\000\040\000T\000r\000o\000u\000b\000l\000e\000s\000h\000o\000o\000t\000i\000n\000g\000\040\000H\000S\000R\000P}{chapter.1}% 26
\BOOKMARK [2][-]{subsection.1.8.1}{\376\377\000U\000s\000i\000n\000g\000\040\000s\000h\000o\000w\000\040\000s\000t\000a\000n\000d\000b\000y\000\040\000C\000o\000m\000m\000a\000n\000d\000s\000\040\000f\000o\000r\000\040\000V\000e\000r\000i\000f\000i\000c\000a\000t\000i\000o\000n}{section.1.8}% 27
\BOOKMARK [2][-]{subsection.1.8.2}{\376\377\000C\000o\000m\000m\000o\000n\000\040\000H\000S\000R\000P\000\040\000M\000i\000s\000c\000o\000n\000f\000i\000g\000u\000r\000a\000t\000i\000o\000n\000s\000\040\000a\000n\000d\000\040\000F\000i\000x\000e\000s}{section.1.8}% 28
\BOOKMARK [0][-]{chapter.2}{\376\377\000V\000R\000R\000P\000\040\000H\000a\000n\000d\000s\000-\000O\000n\000\040\000C\000o\000n\000f\000i\000g\000u\000r\000a\000t\000i\000o\000n}{}% 29
\BOOKMARK [1][-]{section.2.1}{\376\377\000I\000n\000t\000r\000o\000d\000u\000c\000t\000i\000o\000n\000\040\000t\000o\000\040\000V\000R\000R\000P}{chapter.2}% 30
\BOOKMARK [2][-]{subsection.2.1.1}{\376\377\000O\000v\000e\000r\000v\000i\000e\000w\000\040\000o\000f\000\040\000V\000R\000R\000P\000\040\000a\000n\000d\000\040\000I\000t\000s\000\040\000I\000m\000p\000o\000r\000t\000a\000n\000c\000e}{section.2.1}% 31
\BOOKMARK [2][-]{subsection.2.1.2}{\376\377\000B\000a\000s\000i\000c\000\040\000V\000R\000R\000P\000\040\000C\000o\000n\000c\000e\000p\000t\000s\000\040\000a\000n\000d\000\040\000T\000e\000r\000m\000i\000n\000o\000l\000o\000g\000y}{section.2.1}% 32
\BOOKMARK [1][-]{section.2.2}{\376\377\000B\000a\000s\000i\000c\000\040\000V\000R\000R\000P\000\040\000S\000e\000t\000u\000p}{chapter.2}% 33
\BOOKMARK [2][-]{subsection.2.2.1}{\376\377\000C\000o\000n\000f\000i\000g\000u\000r\000i\000n\000g\000\040\000a\000n\000\040\000I\000n\000t\000e\000r\000f\000a\000c\000e\000\040\000f\000o\000r\000\040\000V\000R\000R\000P}{section.2.2}% 34
\BOOKMARK [2][-]{subsection.2.2.2}{\376\377\000A\000s\000s\000i\000g\000n\000i\000n\000g\000\040\000V\000i\000r\000t\000u\000a\000l\000\040\000I\000P\000\040\000A\000d\000d\000r\000e\000s\000s\000e\000s\000\040\000i\000n\000\040\000V\000R\000R\000P}{section.2.2}% 35
\BOOKMARK [2][-]{subsection.2.2.3}{\376\377\000V\000e\000r\000i\000f\000y\000i\000n\000g\000\040\000V\000R\000R\000P\000\040\000C\000o\000n\000f\000i\000g\000u\000r\000a\000t\000i\000o\000n}{section.2.2}% 36
\BOOKMARK [1][-]{section.2.3}{\376\377\000V\000R\000R\000P\000\040\000P\000r\000i\000o\000r\000i\000t\000y\000\040\000a\000n\000d\000\040\000M\000a\000s\000t\000e\000r\000\040\000E\000l\000e\000c\000t\000i\000o\000n}{chapter.2}% 37
\BOOKMARK [2][-]{subsection.2.3.1}{\376\377\000U\000n\000d\000e\000r\000s\000t\000a\000n\000d\000i\000n\000g\000\040\000V\000R\000R\000P\000\040\000P\000r\000i\000o\000r\000i\000t\000y\000\040\000L\000e\000v\000e\000l\000s}{section.2.3}% 38
\BOOKMARK [2][-]{subsection.2.3.2}{\376\377\000C\000o\000n\000f\000i\000g\000u\000r\000i\000n\000g\000\040\000V\000R\000R\000P\000\040\000P\000r\000i\000o\000r\000i\000t\000y\000\040\000f\000o\000r\000\040\000M\000a\000s\000t\000e\000r\000\040\000S\000e\000l\000e\000c\000t\000i\000o\000n}{section.2.3}% 39
\BOOKMARK [2][-]{subsection.2.3.3}{\376\377\000V\000R\000R\000P\000\040\000M\000a\000s\000t\000e\000r\000\040\000E\000l\000e\000c\000t\000i\000o\000n\000\040\000P\000r\000o\000c\000e\000s\000s}{section.2.3}% 40
\BOOKMARK [1][-]{section.2.4}{\376\377\000V\000R\000R\000P\000\040\000P\000r\000e\000e\000m\000p\000t\000i\000o\000n\000\040\000a\000n\000d\000\040\000T\000i\000m\000e\000r\000s}{chapter.2}% 41
\BOOKMARK [2][-]{subsection.2.4.1}{\376\377\000E\000n\000a\000b\000l\000i\000n\000g\000\040\000P\000r\000e\000e\000m\000p\000t\000i\000o\000n\000\040\000f\000o\000r\000\040\000F\000a\000s\000t\000e\000r\000\040\000F\000a\000i\000l\000o\000v\000e\000r}{section.2.4}% 42
\BOOKMARK [2][-]{subsection.2.4.2}{\376\377\000A\000d\000j\000u\000s\000t\000i\000n\000g\000\040\000V\000R\000R\000P\000\040\000A\000d\000v\000e\000r\000t\000i\000s\000e\000m\000e\000n\000t\000\040\000T\000i\000m\000e\000r\000s}{section.2.4}% 43
\BOOKMARK [1][-]{section.2.5}{\376\377\000V\000R\000R\000P\000\040\000A\000u\000t\000h\000e\000n\000t\000i\000c\000a\000t\000i\000o\000n}{chapter.2}% 44
\BOOKMARK [2][-]{subsection.2.5.1}{\376\377\000C\000o\000n\000f\000i\000g\000u\000r\000i\000n\000g\000\040\000T\000e\000x\000t\000-\000B\000a\000s\000e\000d\000\040\000A\000u\000t\000h\000e\000n\000t\000i\000c\000a\000t\000i\000o\000n\000\040\000i\000n\000\040\000V\000R\000R\000P}{section.2.5}% 45
\BOOKMARK [2][-]{subsection.2.5.2}{\376\377\000I\000m\000p\000l\000e\000m\000e\000n\000t\000i\000n\000g\000\040\000M\000D\0005\000\040\000A\000u\000t\000h\000e\000n\000t\000i\000c\000a\000t\000i\000o\000n\000\040\000f\000o\000r\000\040\000V\000R\000R\000P}{section.2.5}% 46
\BOOKMARK [1][-]{section.2.6}{\376\377\000V\000R\000R\000P\000\040\000O\000b\000j\000e\000c\000t\000\040\000T\000r\000a\000c\000k\000i\000n\000g\000\040\000a\000n\000d\000\040\000F\000a\000i\000l\000o\000v\000e\000r}{chapter.2}% 47
\BOOKMARK [2][-]{subsection.2.6.1}{\376\377\000T\000r\000a\000c\000k\000i\000n\000g\000\040\000I\000n\000t\000e\000r\000f\000a\000c\000e\000\040\000S\000t\000a\000t\000u\000s\000\040\000w\000i\000t\000h\000\040\000V\000R\000R\000P}{section.2.6}% 48
\BOOKMARK [2][-]{subsection.2.6.2}{\376\377\000U\000s\000i\000n\000g\000\040\000O\000b\000j\000e\000c\000t\000\040\000T\000r\000a\000c\000k\000i\000n\000g\000\040\000t\000o\000\040\000A\000d\000j\000u\000s\000t\000\040\000P\000r\000i\000o\000r\000i\000t\000y\000\040\000D\000y\000n\000a\000m\000i\000c\000a\000l\000l\000y}{section.2.6}% 49
\BOOKMARK [2][-]{subsection.2.6.3}{\376\377\000A\000d\000j\000u\000s\000t\000i\000n\000g\000\040\000V\000R\000R\000P\000\040\000T\000r\000a\000c\000k\000i\000n\000g\000\040\000D\000e\000c\000r\000e\000m\000e\000n\000t\000\040\000V\000a\000l\000u\000e\000s}{section.2.6}% 50
\BOOKMARK [1][-]{section.2.7}{\376\377\000V\000R\000R\000P\000\040\000V\000e\000r\000s\000i\000o\000n\000i\000n\000g\000\040\000a\000n\000d\000\040\000I\000P\000v\0006\000\040\000S\000u\000p\000p\000o\000r\000t}{chapter.2}% 51
\BOOKMARK [2][-]{subsection.2.7.1}{\376\377\000U\000p\000g\000r\000a\000d\000i\000n\000g\000\040\000t\000o\000\040\000V\000R\000R\000P\000\040\000V\000e\000r\000s\000i\000o\000n\000\040\0003}{section.2.7}% 52
\BOOKMARK [2][-]{subsection.2.7.2}{\376\377\000C\000o\000n\000f\000i\000g\000u\000r\000i\000n\000g\000\040\000V\000R\000R\000P\000\040\000f\000o\000r\000\040\000I\000P\000v\0006\000\040\000H\000i\000g\000h\000\040\000A\000v\000a\000i\000l\000a\000b\000i\000l\000i\000t\000y}{section.2.7}% 53
\BOOKMARK [2][-]{subsection.2.7.3}{\376\377\000V\000e\000r\000i\000f\000y\000i\000n\000g\000\040\000a\000n\000d\000\040\000T\000r\000o\000u\000b\000l\000e\000s\000h\000o\000o\000t\000i\000n\000g\000\040\000V\000R\000R\000P\000v\0003}{section.2.7}% 54
\BOOKMARK [1][-]{section.2.8}{\376\377\000V\000e\000r\000i\000f\000y\000i\000n\000g\000\040\000a\000n\000d\000\040\000T\000r\000o\000u\000b\000l\000e\000s\000h\000o\000o\000t\000i\000n\000g\000\040\000V\000R\000R\000P}{chapter.2}% 55
\BOOKMARK [2][-]{subsection.2.8.1}{\376\377\000U\000s\000i\000n\000g\000\040\000s\000h\000o\000w\000\040\000v\000r\000r\000p\000\040\000C\000o\000m\000m\000a\000n\000d\000s\000\040\000f\000o\000r\000\040\000V\000e\000r\000i\000f\000i\000c\000a\000t\000i\000o\000n}{section.2.8}% 56
\BOOKMARK [2][-]{subsection.2.8.2}{\376\377\000C\000o\000m\000m\000o\000n\000\040\000V\000R\000R\000P\000\040\000M\000i\000s\000c\000o\000n\000f\000i\000g\000u\000r\000a\000t\000i\000o\000n\000s\000\040\000a\000n\000d\000\040\000F\000i\000x\000e\000s}{section.2.8}% 57
